###############################################################################
#
# IAR ELF Linker V9.20.4.327/W64 for ARM                  18/Sep/2022  22:56:18
# Copyright 2007-2022 IAR Systems AB.
#
#    Output file  =
#        C:\Users\menin\Local
#        Documents\TCC_UTFPR_Mari_Thiago\CAN_shield\Debug\Exe\CAN_shield.out
#    Map file     =
#        C:\Users\menin\Local
#        Documents\TCC_UTFPR_Mari_Thiago\CAN_shield\Debug\List\CAN_shield.map
#    Command line =
#        -f "C:\Users\menin\Local
#        Documents\TCC_UTFPR_Mari_Thiago\CAN_shield\Debug\Exe\CAN_shield.out.rsp"
#        ("C:\Users\menin\Local
#        Documents\TivaWare_C_Series-2.2.0.295\driverlib\ewarm\Exe\driverlib.a"
#        "C:\Users\menin\Local
#        Documents\TCC_UTFPR_Mari_Thiago\CAN_shield\Debug\Obj\source\main.o"
#        "C:\Users\menin\Local
#        Documents\TCC_UTFPR_Mari_Thiago\CAN_shield\Debug\Obj\source\startup_ewarm.o"
#        --no_out_extension -o "C:\Users\menin\Local
#        Documents\TCC_UTFPR_Mari_Thiago\CAN_shield\Debug\Exe\CAN_shield.out"
#        --redirect _Printf=_PrintfFullNoMb --redirect _Scanf=_ScanfFullNoMb
#        --map "C:\Users\menin\Local
#        Documents\TCC_UTFPR_Mari_Thiago\CAN_shield\Debug\List\CAN_shield.map"
#        --config "C:\Program Files\IAR Systems\Embedded Workbench
#        9.0\arm\config\linker\TexasInstruments\TM4C1294NC.icf" --semihosting
#        --entry __iar_program_start --vfe --text_out locale)
#
###############################################################################

*******************************************************************************
*** RUNTIME MODEL ATTRIBUTES
***

CppFlavor       = *
__CPP_Runtime   = 1
__SystemLibrary = DLib
__dlib_version  = 6


*******************************************************************************
*** HEAP SELECTION
***

The basic heap was selected because some modules are built with
size limitations (and not runtime checking), and --advanced_heap
was not specified.


*******************************************************************************
*** PLACEMENT SUMMARY
***

"A0":  place at address 0x0 { ro section .intvec };
"P1":  place in [from 0x0 to 0xf'ffff] { ro };
define block CSTACK with size = 32K, alignment = 8 { };
define block HEAP with size = 64K, alignment = 8 { };
"P2":  place in [from 0x2000'0000 to 0x2003'ffff] {
          rw, block CSTACK, block HEAP };
do not initialize { rw section .noinit };
initialize by copy { rw };

  Section            Kind         Address    Size  Object
  -------            ----         -------    ----  ------
"A0":                                       0x200
  .intvec            const            0x0   0x200  startup_ewarm.o [1]
                                  - 0x200   0x200

"P1":                                      0x2ddc
  .text              ro code        0x200   0xf12  xprintffull_nomb.o [2]
  .text              ro code       0x1112    0x2a  copy_init3.o [5]
  .text              ro code       0x113c    0x16  strchr.o [5]
  .text              ro code       0x1154    0x40  xfail_s.o [2]
  .text              ro code       0x1194    0x36  strlen.o [5]
  .text              ro code       0x11cc    0x58  memchr.o [5]
  .text              ro code       0x1224    0x76  ABImemcpy_unaligned.o [5]
  .text              ro code       0x129c    0x70  frexp.o [4]
  .text              ro code       0x130c    0x34  DblCmpLe.o [4]
  .text              ro code       0x1340    0x34  DblCmpGe.o [4]
  .text              ro code       0x1374   0x13a  ldexp.o [4]
  .text              ro code       0x14b0    0x36  DblToS32.o [4]
  .text              ro code       0x14e8    0x22  S32ToDbl.o [4]
  .text              ro code       0x150c   0x24e  DblAddSub.o [4]
  .text              ro code       0x175c   0x246  DblDiv.o [4]
  .text              ro code       0x19a4    0x22  DblToU32.o [4]
  .text              ro code       0x19c8    0x1c  U32ToDbl.o [4]
  .text              ro code       0x19e4   0x1aa  DblMul.o [4]
  .text              ro code       0x1b90   0x230  I64DivMod.o [5]
  .text              ro code       0x1dc0     0x6  abort.o [2]
  .text              ro code       0x1dc8     0x2  I64DivZer.o [5]
  .text              ro code       0x1dcc    0x14  exit.o [6]
  .text              ro code       0x1de0    0x7c  iarttio.o [6]
  .text              ro code       0x1e5c     0x8  XShttio.o [2]
  .text              ro code       0x1e64   0x4b4  can.o [3]
  .text              ro code       0x2318    0xb4  interrupt.o [3]
  .text              ro code       0x23cc     0x8  cpu.o [3]
  .text              ro code       0x23d4   0x2a8  sysctl.o [3]
  .text              ro code       0x267c   0x218  gpio.o [3]
  .text              ro code       0x2894   0x208  main.o [1]
  .text              ro code       0x2a9c    0x28  printf.o [2]
  .rodata            const         0x2ac4   0x1b0  sysctl.o [3]
  .rodata            const         0x2c74    0x90  gpio.o [3]
  .rodata            const         0x2d04    0x6c  sysctl.o [3]
  .text              ro code       0x2d70    0x38  zero_init3.o [5]
  .rodata            const         0x2da8    0x30  sysctl.o [3]
  .text              ro code       0x2dd8    0x28  data_init.o [5]
  .text              ro code       0x2e00    0x22  fpinit_M.o [4]
  .text              ro code       0x2e22    0x22  iarwrite.o [6]
  .iar.init_table    const         0x2e44    0x24  - Linker created -
  .rodata            const         0x2e68    0x20  main.o [1]
  .text              ro code       0x2e88    0x20  putchar.o [2]
  .text              ro code       0x2ea8    0x10  write.o [6]
  .text              ro code       0x2eb8    0x1e  dwrite.o [6]
  .text              ro code       0x2ed6    0x20  iarwstd.o [6]
  .text              ro code       0x2ef8    0x1e  startup_ewarm.o [1]
  .text              ro code       0x2f18    0x1c  cstartup_M.o [5]
  .text              ro code       0x2f34    0x1e  cmain.o [5]
  .text              ro code       0x2f52     0x4  low_level_init.o [2]
  .text              ro code       0x2f56     0x4  exit.o [2]
  .text              ro code       0x2f5c     0xa  cexit.o [5]
  .rodata            const         0x2f68    0x1c  main.o [1]
  .rodata            const         0x2f84    0x1c  main.o [1]
  .rodata            const         0x2fa0    0x18  main.o [1]
  .text              ro code       0x2fb8    0x16  xprout.o [2]
  Initializer bytes  const         0x2fd0     0xc  <for P2-1>
  .rodata            const         0x2fdc     0x0  zero_init3.o [5]
  .rodata            const         0x2fdc     0x0  copy_init3.o [5]
                                 - 0x2fdc  0x2ddc

"P2", part 1 of 3:                            0xc
  P2-1                        0x2000'0000     0xc  <Init block>
    .data            inited   0x2000'0000     0x4  main.o [1]
    .data            inited   0x2000'0004     0x8  XShttio.o [2]
                            - 0x2000'000c     0xc

"P2", part 2 of 3:                           0x4c
  .bss               zero     0x2000'000c    0x14  main.o [1]
  .bss               zero     0x2000'0020    0x14  main.o [1]
  .bss               zero     0x2000'0034     0x8  main.o [1]
  .bss               zero     0x2000'003c     0x4  main.o [1]
  .bss               zero     0x2000'0040     0x4  main.o [1]
  .bss               zero     0x2000'0044     0x4  main.o [1]
  .bss               zero     0x2000'0048     0x4  main.o [1]
  .bss               zero     0x2000'004c     0x4  main.o [1]
  .bss               zero     0x2000'0050     0x4  xfail_s.o [2]
  .bss               zero     0x2000'0054     0x1  main.o [1]
  .bss               zero     0x2000'0055     0x1  main.o [1]
  .bss               zero     0x2000'0056     0x1  main.o [1]
                            - 0x2000'0057    0x4b

"P2", part 3 of 3:                          0x36c
  VTABLE             uninit   0x2000'0400   0x26c  interrupt.o [3]
  .noinit            uninit   0x2000'066c   0x100  startup_ewarm.o [1]
                            - 0x2000'076c   0x36c

Unused ranges:

         From           To      Size
         ----           --      ----
       0x2fdc     0xf'ffff  0xf'd024
  0x2000'0058  0x2000'03ff     0x3a8
  0x2000'076c  0x2003'ffff  0x3'f894


*******************************************************************************
*** INIT TABLE
***

          Address      Size
          -------      ----
Zero (__iar_zero_init3)
    1 destination range, total size 0x4b:
          0x2000'000c  0x4b

Copy (__iar_copy_init3)
    1 source range, total size 0xc:
               0x2fd0   0xc
    1 destination range, total size 0xc:
          0x2000'0000   0xc



*******************************************************************************
*** MODULE SUMMARY
***

    Module                 ro code  ro data  rw data
    ------                 -------  -------  -------
command line/config:
    ------------------------------------------------
    Total:

C:\Users\menin\Local Documents\TCC_UTFPR_Mari_Thiago\CAN_shield\Debug\Obj\source: [1]
    main.o                     520      116       75
    startup_ewarm.o             30      512      256
    ------------------------------------------------
    Total:                     550      628      331

dl7M_tln.a: [2]
    XShttio.o                    8        8        8
    abort.o                      6
    exit.o                       4
    low_level_init.o             4
    printf.o                    40
    putchar.o                   32
    xfail_s.o                   64                 4
    xprintffull_nomb.o       3'858
    xprout.o                    22
    ------------------------------------------------
    Total:                   4'038        8       12

driverlib.a: [3]
    can.o                    1'204
    cpu.o                        8
    gpio.o                     536      144
    interrupt.o                180               620
    sysctl.o                   680      588
    ------------------------------------------------
    Total:                   2'608      732      620

m7M_tls.a: [4]
    DblAddSub.o                590
    DblCmpGe.o                  52
    DblCmpLe.o                  52
    DblDiv.o                   582
    DblMul.o                   426
    DblToS32.o                  54
    DblToU32.o                  34
    S32ToDbl.o                  34
    U32ToDbl.o                  28
    fpinit_M.o                  34
    frexp.o                    112
    ldexp.o                    314
    ------------------------------------------------
    Total:                   2'312

rt7M_tl.a: [5]
    ABImemcpy_unaligned.o      118
    I64DivMod.o                560
    I64DivZer.o                  2
    cexit.o                     10
    cmain.o                     30
    copy_init3.o                42
    cstartup_M.o                28
    data_init.o                 40
    memchr.o                    88
    strchr.o                    22
    strlen.o                    54
    zero_init3.o                56
    ------------------------------------------------
    Total:                   1'050

shb_l.a: [6]
    dwrite.o                    30
    exit.o                      20
    iarttio.o                  124
    iarwrite.o                  34
    iarwstd.o                   32
    write.o                     16
    ------------------------------------------------
    Total:                     256

    Gaps                        30        2
    Linker created                       38
----------------------------------------------------
    Grand Total:            10'844    1'408      963


*******************************************************************************
*** ENTRY LIST
***

Entry                       Address   Size  Type      Object
-----                       -------   ----  ----      ------
.iar.init_table$$Base        0x2e44          --   Gb  - Linker created -
.iar.init_table$$Limit       0x2e68          --   Gb  - Linker created -
?main                        0x2f35         Code  Gb  cmain.o [5]
CANBitRateSet                0x1f0b   0x6a  Code  Gb  can.o [3]
CANEnable                    0x1f01    0xa  Code  Gb  can.o [3]
CANInit                      0x1eaf   0x52  Code  Gb  can.o [3]
CANIntClear                  0x1fbb   0x2c  Code  Gb  can.o [3]
CANIntEnable                 0x1f8f    0x8  Code  Gb  can.o [3]
CANIntHandler                0x2895   0x5e  Code  Gb  main.o [1]
CANIntRegister               0x1f75   0x1a  Code  Gb  can.o [3]
CANIntStatus                 0x1f97   0x24  Code  Gb  can.o [3]
CANMessageGet                0x2197  0x144  Code  Gb  can.o [3]
CANMessageSet                0x202d  0x16a  Code  Gb  can.o [3]
CANStatusGet                 0x1fe9   0x44  Code  Gb  can.o [3]
CPUcpsie                     0x23cd    0x8  Code  Gb  cpu.o [3]
FaultISR                     0x2f13    0x2  Code  Lc  startup_ewarm.o [1]
GPIODirModeSet               0x267d   0x28  Code  Gb  gpio.o [3]
GPIOPadConfigSet             0x26a5  0x186  Code  Gb  gpio.o [3]
GPIOPinConfigure             0x2849   0x36  Code  Gb  gpio.o [3]
GPIOPinTypeCAN               0x282b    0x4  Code  Gb  gpio.o [3]
IntDefaultHandler            0x2f15    0x2  Code  Lc  startup_ewarm.o [1]
IntEnable                    0x2355   0x52  Code  Gb  interrupt.o [3]
IntMasterEnable              0x2319    0x8  Code  Gb  interrupt.o [3]
IntRegister                  0x2329   0x2c  Code  Gb  interrupt.o [3]
NmiSR                        0x2f11    0x2  Code  Lc  startup_ewarm.o [1]
Region$$Table$$Base          0x2e44          --   Gb  - Linker created -
Region$$Table$$Limit         0x2e68          --   Gb  - Linker created -
ResetISR                     0x2ef9   0x12  Code  Gb  startup_ewarm.o [1]
SysCtlClockFreqSet           0x2437  0x206  Code  Gb  sysctl.o [3]
SysCtlPeripheralEnable       0x2419    0x8  Code  Gb  sysctl.o [3]
SysCtlPeripheralReady        0x23f7    0x8  Code  Gb  sysctl.o [3]
_CANIntNumberGet             0x1e65   0x4a  Code  Lc  can.o [3]
_LitobFullNoMb                0xf19  0x10c  Code  Lc  xprintffull_nomb.o [2]
_PrintfFullNoMb               0x201  0xce8  Code  Gb  xprintffull_nomb.o [2]
_Prout                       0x2fb9   0x16  Code  Gb  xprout.o [2]
_PutcharFullNoMb             0x107d   0x20  Code  Lc  xprintffull_nomb.o [2]
_PutcharsFullNoMb            0x109d   0x2e  Code  Lc  xprintffull_nomb.o [2]
_SysCtlMemTimingGet          0x23d5   0x22  Code  Lc  sysctl.o [3]
__aeabi_cdcmple              0x130d         Code  Gb  DblCmpLe.o [4]
__aeabi_cdrcmple             0x1341         Code  Gb  DblCmpGe.o [4]
__aeabi_d2iz                 0x14b1         Code  Gb  DblToS32.o [4]
__aeabi_d2uiz                0x19a5         Code  Gb  DblToU32.o [4]
__aeabi_ddiv                 0x175d         Code  Gb  DblDiv.o [4]
__aeabi_dmul                 0x19e5         Code  Gb  DblMul.o [4]
__aeabi_dsub                 0x1679         Code  Gb  DblAddSub.o [4]
__aeabi_i2d                  0x14e9         Code  Gb  S32ToDbl.o [4]
__aeabi_ldiv0                0x1dc9         Code  Gb  I64DivZer.o [5]
__aeabi_ui2d                 0x19c9         Code  Gb  U32ToDbl.o [4]
__aeabi_uldivmod             0x1b91         Code  Gb  I64DivMod.o [5]
__cmain                      0x2f35         Code  Gb  cmain.o [5]
__dwrite                     0x2eb9   0x1e  Code  Gb  dwrite.o [6]
__exit                       0x1dcd   0x14  Code  Gb  exit.o [6]
__iar_Fail_s                 0x1155   0x1c  Code  Gb  xfail_s.o [2]
__iar_Memchr                 0x11cd         Code  Gb  memchr.o [5]
__iar_Strchr                 0x113d         Code  Gb  strchr.o [5]
__iar_close_ttio             0x1de1   0x2c  Code  Gb  iarttio.o [6]
__iar_copy_init3             0x1113   0x2a  Code  Gb  copy_init3.o [5]
__iar_data_init3             0x2dd9   0x28  Code  Gb  data_init.o [5]
__iar_frexp                  0x12a9         Code  Gb  frexp.o [4]
__iar_frexpl                 0x12a9         Code  Gb  frexp.o [4]
__iar_get_ttio               0x1e0d   0x4c  Code  Gb  iarttio.o [6]
__iar_init_vfp               0x2e01         Code  Gb  fpinit_M.o [4]
__iar_ldexp64                0x1375         Code  Gb  ldexp.o [4]
__iar_lookup_ttioh           0x1e5d    0x8  Code  Gb  XShttio.o [2]
__iar_program_start          0x2f19         Code  Gb  cstartup_M.o [5]
__iar_scalbln64              0x1375         Code  Gb  ldexp.o [4]
__iar_scalbn64               0x1375         Code  Gb  ldexp.o [4]
__iar_sh_stdout              0x2ed7   0x20  Code  Gb  iarwstd.o [6]
__iar_sh_write               0x2e23   0x22  Code  Gb  iarwrite.o [6]
__iar_softfp___iar_frexp64
                             0x129d         Code  Gb  frexp.o [4]
__iar_softfp_frexp           0x129d         Code  Gb  frexp.o [4]
__iar_softfp_frexpl          0x129d         Code  Gb  frexp.o [4]
__iar_ttio_handles      0x2000'0004    0x8  Data  Lc  XShttio.o [2]
__iar_unaligned_memcpy       0x1225         Code  Gb  ABImemcpy_unaligned.o [5]
__iar_unaligned_memcpy4
                             0x1245         Code  Gb  ABImemcpy_unaligned.o [5]
__iar_unaligned_memcpy8
                             0x1245         Code  Gb  ABImemcpy_unaligned.o [5]
__iar_zero_init3             0x2d71   0x38  Code  Gb  zero_init3.o [5]
__low_level_init             0x2f53    0x4  Code  Gb  low_level_init.o [2]
__vector_table                  0x0  0x200  Data  Gb  startup_ewarm.o [1]
__write                      0x2ea9   0x10  Code  Gb  write.o [6]
_call_main                   0x2f41         Code  Gb  cmain.o [5]
_exit                        0x2f5d         Code  Gb  cexit.o [5]
abort                        0x1dc1    0x6  Code  Gb  abort.o [2]
errFlag                 0x2000'0056    0x1  Data  Gb  main.o [1]
exit                         0x2f57    0x4  Code  Gb  exit.o [2]
firstByte               0x2000'0044    0x4  Data  Gb  main.o [1]
g_pfnRAMVectors         0x2000'0400  0x26c  Data  Lc  interrupt.o [3]
g_pppui32XTALtoVCO           0x2ac4  0x1b0  Data  Lc  sysctl.o [3]
g_pui32EnRegs                0x23b8   0x14  Data  Lc  interrupt.o [3]
g_pui32GPIOBaseAddrs         0x2c74   0x90  Data  Lc  gpio.o [3]
g_pui32VCOFrequencies        0x2674    0x8  Data  Lc  sysctl.o [3]
g_pui32Xtals                 0x2d04   0x6c  Data  Lc  sysctl.o [3]
g_sXTALtoMEMTIM              0x2da8   0x30  Data  Lc  sysctl.o [3]
g_ui16CANBitValues           0x22f8   0x20  Data  Lc  can.o [3]
g_ui32SysClock          0x2000'0040    0x4  Data  Gb  main.o [1]
ldexp                        0x1375         Code  Gb  ldexp.o [4]
ldexpl                       0x1375         Code  Gb  ldexp.o [4]
main                         0x291f  0x112  Code  Gb  main.o [1]
memchr                       0x11cd         Code  Gb  memchr.o [5]
msgDataRx               0x2000'0034    0x8  Data  Gb  main.o [1]
msgDataTx               0x2000'004c    0x4  Data  Gb  main.o [1]
msgDataTxPtr            0x2000'0000    0x4  Data  Gb  main.o [1]
msgRx                   0x2000'000c   0x14  Data  Gb  main.o [1]
msgTx                   0x2000'0020   0x14  Data  Gb  main.o [1]
printf                       0x2a9d   0x28  Code  Gb  printf.o [2]
pui32Stack              0x2000'066c  0x100  Data  Lc  startup_ewarm.o [1]
putchar                      0x2e89   0x20  Code  Gb  putchar.o [2]
requestPID                   0x28f5   0x2a  Code  Gb  main.o [1]
rxFlag                  0x2000'0054    0x1  Data  Gb  main.o [1]
scalbln                      0x1375         Code  Gb  ldexp.o [4]
scalblnl                     0x1375         Code  Gb  ldexp.o [4]
scalbn                       0x1375         Code  Gb  ldexp.o [4]
scalbnl                      0x1375         Code  Gb  ldexp.o [4]
scale                        0x1025   0x46  Code  Lc  xprintffull_nomb.o [2]
sec_hand                0x2000'0050    0x4  Data  Lc  xfail_s.o [2]
secondByte              0x2000'0048    0x4  Data  Gb  main.o [1]
sendRequestAgain        0x2000'003c    0x4  Data  Gb  main.o [1]
strchr                       0x113d         Code  Gb  strchr.o [5]
strlen                       0x1195         Code  Gb  strlen.o [5]
txFlag                  0x2000'0055    0x1  Data  Gb  main.o [1]


[1] = C:\Users\menin\Local Documents\TCC_UTFPR_Mari_Thiago\CAN_shield\Debug\Obj\source
[2] = dl7M_tln.a
[3] = driverlib.a
[4] = m7M_tls.a
[5] = rt7M_tl.a
[6] = shb_l.a

  10'844 bytes of readonly  code memory
   1'408 bytes of readonly  data memory
     963 bytes of readwrite data memory

Errors: none
Warnings: none
